// Vitest Snapshot v1, https://vitest.dev/guide/snapshot.html

exports[`preprocessor > debugString > should format debug information correctly 1`] = `
"  
    TEST_VAR    : 'test_value'
    ANOTHER_VAR : 'another_value'

  Generated files:

    - /path/to/file1.js
    - /path/to/file2.js
"
`;
